Last login: Tue Jan 11 20:52:04 on ttys000
nikkiwallace@nikkis-mbp ~ % pwd
/Users/nikkiwallace
nikkiwallace@nikkis-mbp ~ % mkdir git_practice
nikkiwallace@nikkis-mbp ~ % cd git_practice
nikkiwallace@nikkis-mbp git_practice % git init
hint: Using 'master' as the name for the initial branch. This default branch name
hint: is subject to change. To configure the initial branch name to use in all
hint: of your new repositories, which will suppress this warning, call:
hint: 
hint: 	git config --global init.defaultBranch <name>
hint: 
hint: Names commonly chosen instead of 'master' are 'main', 'trunk' and
hint: 'development'. The just-created branch can be renamed via this command:
hint: 
hint: 	git branch -m <name>
Initialized empty Git repository in /Users/nikkiwallace/git_practice/.git/
nikkiwallace@nikkis-mbp git_practice % echo "Hello Git and GitHub" >> README.txt 
nikkiwallace@nikkis-mbp git_practice % git add README.txt
nikkiwallace@nikkis-mbp git_practice % commit -m "First Commit"
zsh: command not found: commit
nikkiwallace@nikkis-mbp git_practice % git commit -m "First Commit"
[master (root-commit) f9f0a62] First Commit
 Committer: Nikki Wallace <nikkiwallace@nikkis-mbp.lan>
Your name and email address were configured automatically based
on your username and hostname. Please check that they are accurate.
You can suppress this message by setting them explicitly. Run the
following command and follow the instructions in your editor to edit
your configuration file:

    git config --global --edit

After doing this, you may fix the identity used for this commit with:

    git commit --amend --reset-author

 1 file changed, 1 insertion(+)
 create mode 100644 README.txt
nikkiwallace@nikkis-mbp git_practice % git status
On branch master
nothing to commit, working tree clean
nikkiwallace@nikkis-mbp git_practice % 
